# tbot config file generated by `configure` command
onboarding:
  token: xxyzz
  ca_path: ""
  ca_pins:
    - sha256:capindata
  join_method: token
storage:
  directory:
    path: /custom/data/dir
    symlinks: secure
    acls: try
debug: false
auth_server: example.com
certificate_ttl: 42m0s
renewal_interval: 21m0s
oneshot: true
